// Jest Snapshot v1, https://goo.gl/fbAQLP

exports[`Card renders correctly 1`] = `
<div>
  <div
    className="flex-center space-around border header-lg"
  >
    Shakespeare's Reviews
  </div>
</div>
`;
